[34mProcessing file: "tests/suites/Localizable_missing_semicolon.in"
[0m
[31mâœ˜ Error, invalid format: "Any String" = "Any String"
[0m[31m[1m
Result: âœ˜ Some errors detected[0m[0m
